........FFFFFFFFFFFFFFFFFFFFFFFFFFFFFF                                   [100%]
=================================== FAILURES ===================================
E   AssertionError: W2-c requiere la migración message_transcription
/media/emerson/Datos_HDD/Proyectos/desarollo/chat_bot_ceiba/.worktrees/audio/tests/audio_transcription/helpers.py:68: AssertionError: W2-c requiere la migración message_transcription
E   AssertionError: W2-c requiere la migración message_transcription
/media/emerson/Datos_HDD/Proyectos/desarollo/chat_bot_ceiba/.worktrees/audio/tests/audio_transcription/helpers.py:68: AssertionError: W2-c requiere la migración message_transcription
E   AssertionError: W2-c requiere la migración message_transcription
/media/emerson/Datos_HDD/Proyectos/desarollo/chat_bot_ceiba/.worktrees/audio/tests/audio_transcription/helpers.py:68: AssertionError: W2-c requiere la migración message_transcription
E   AssertionError: W2-c requiere la migración message_transcription
/media/emerson/Datos_HDD/Proyectos/desarollo/chat_bot_ceiba/.worktrees/audio/tests/audio_transcription/helpers.py:68: AssertionError: W2-c requiere la migración message_transcription
E   AssertionError: W2-c requiere la migración message_transcription
/media/emerson/Datos_HDD/Proyectos/desarollo/chat_bot_ceiba/.worktrees/audio/tests/audio_transcription/helpers.py:68: AssertionError: W2-c requiere la migración message_transcription
E   AssertionError: W2-c requiere la migración message_transcription
/media/emerson/Datos_HDD/Proyectos/desarollo/chat_bot_ceiba/.worktrees/audio/tests/audio_transcription/helpers.py:68: AssertionError: W2-c requiere la migración message_transcription
E   AssertionError: W2-c requiere la migración message_transcription
/media/emerson/Datos_HDD/Proyectos/desarollo/chat_bot_ceiba/.worktrees/audio/tests/audio_transcription/helpers.py:68: AssertionError: W2-c requiere la migración message_transcription
E   AssertionError: W2-c requiere la migración message_transcription
/media/emerson/Datos_HDD/Proyectos/desarollo/chat_bot_ceiba/.worktrees/audio/tests/audio_transcription/helpers.py:68: AssertionError: W2-c requiere la migración message_transcription
E   AssertionError: W2-c requiere la migración message_transcription
/media/emerson/Datos_HDD/Proyectos/desarollo/chat_bot_ceiba/.worktrees/audio/tests/audio_transcription/helpers.py:68: AssertionError: W2-c requiere la migración message_transcription
E   AssertionError: W2-c requiere la migración message_transcription
/media/emerson/Datos_HDD/Proyectos/desarollo/chat_bot_ceiba/.worktrees/audio/tests/audio_transcription/helpers.py:68: AssertionError: W2-c requiere la migración message_transcription
E   AssertionError: W2-c requiere la migración message_transcription
/media/emerson/Datos_HDD/Proyectos/desarollo/chat_bot_ceiba/.worktrees/audio/tests/audio_transcription/helpers.py:68: AssertionError: W2-c requiere la migración message_transcription
E   AssertionError: W2-c requiere la migración message_transcription
/media/emerson/Datos_HDD/Proyectos/desarollo/chat_bot_ceiba/.worktrees/audio/tests/audio_transcription/helpers.py:68: AssertionError: W2-c requiere la migración message_transcription
E   AssertionError: W2-c requiere la migración message_transcription
/media/emerson/Datos_HDD/Proyectos/desarollo/chat_bot_ceiba/.worktrees/audio/tests/audio_transcription/helpers.py:68: AssertionError: W2-c requiere la migración message_transcription
E   AssertionError: W2-c requiere la migración message_transcription
/media/emerson/Datos_HDD/Proyectos/desarollo/chat_bot_ceiba/.worktrees/audio/tests/audio_transcription/helpers.py:68: AssertionError: W2-c requiere la migración message_transcription
E   AssertionError: W2-c requiere la migración message_transcription
/media/emerson/Datos_HDD/Proyectos/desarollo/chat_bot_ceiba/.worktrees/audio/tests/audio_transcription/helpers.py:68: AssertionError: W2-c requiere la migración message_transcription
E   AssertionError: W2-c requiere la migración message_transcription
/media/emerson/Datos_HDD/Proyectos/desarollo/chat_bot_ceiba/.worktrees/audio/tests/audio_transcription/helpers.py:68: AssertionError: W2-c requiere la migración message_transcription
E   AssertionError: W2-c requiere la migración message_transcription
/media/emerson/Datos_HDD/Proyectos/desarollo/chat_bot_ceiba/.worktrees/audio/tests/audio_transcription/helpers.py:68: AssertionError: W2-c requiere la migración message_transcription
E   AssertionError: W2-c requiere la migración message_transcription
/media/emerson/Datos_HDD/Proyectos/desarollo/chat_bot_ceiba/.worktrees/audio/tests/audio_transcription/helpers.py:68: AssertionError: W2-c requiere la migración message_transcription
E   AssertionError: W2-c requiere la migración message_transcription
/media/emerson/Datos_HDD/Proyectos/desarollo/chat_bot_ceiba/.worktrees/audio/tests/audio_transcription/helpers.py:68: AssertionError: W2-c requiere la migración message_transcription
E   AssertionError: W2-c requiere la migración message_transcription
/media/emerson/Datos_HDD/Proyectos/desarollo/chat_bot_ceiba/.worktrees/audio/tests/audio_transcription/helpers.py:68: AssertionError: W2-c requiere la migración message_transcription
E   AssertionError: W2-c requiere la migración message_transcription
/media/emerson/Datos_HDD/Proyectos/desarollo/chat_bot_ceiba/.worktrees/audio/tests/audio_transcription/helpers.py:68: AssertionError: W2-c requiere la migración message_transcription
E   AssertionError: W2-c requiere la migración message_transcription
/media/emerson/Datos_HDD/Proyectos/desarollo/chat_bot_ceiba/.worktrees/audio/tests/audio_transcription/helpers.py:68: AssertionError: W2-c requiere la migración message_transcription
E   AssertionError: W2-c requiere la migración message_transcription
/media/emerson/Datos_HDD/Proyectos/desarollo/chat_bot_ceiba/.worktrees/audio/tests/audio_transcription/helpers.py:68: AssertionError: W2-c requiere la migración message_transcription
E   AssertionError: W2-c requiere la migración message_transcription
/media/emerson/Datos_HDD/Proyectos/desarollo/chat_bot_ceiba/.worktrees/audio/tests/audio_transcription/helpers.py:68: AssertionError: W2-c requiere la migración message_transcription
E   AssertionError: W2-c requiere la migración message_transcription
/media/emerson/Datos_HDD/Proyectos/desarollo/chat_bot_ceiba/.worktrees/audio/tests/audio_transcription/helpers.py:68: AssertionError: W2-c requiere la migración message_transcription
E   AssertionError: W2-c requiere la migración message_transcription
/media/emerson/Datos_HDD/Proyectos/desarollo/chat_bot_ceiba/.worktrees/audio/tests/audio_transcription/helpers.py:68: AssertionError: W2-c requiere la migración message_transcription
E   AssertionError: W2-c requiere la migración message_transcription
/media/emerson/Datos_HDD/Proyectos/desarollo/chat_bot_ceiba/.worktrees/audio/tests/audio_transcription/helpers.py:68: AssertionError: W2-c requiere la migración message_transcription
E   AssertionError: W2-c requiere la migración message_transcription
/media/emerson/Datos_HDD/Proyectos/desarollo/chat_bot_ceiba/.worktrees/audio/tests/audio_transcription/helpers.py:68: AssertionError: W2-c requiere la migración message_transcription
E   AssertionError: W2-c requiere la migración message_transcription
/media/emerson/Datos_HDD/Proyectos/desarollo/chat_bot_ceiba/.worktrees/audio/tests/audio_transcription/helpers.py:68: AssertionError: W2-c requiere la migración message_transcription
E   AssertionError: W2-c requiere la migración message_transcription
/media/emerson/Datos_HDD/Proyectos/desarollo/chat_bot_ceiba/.worktrees/audio/tests/audio_transcription/helpers.py:68: AssertionError: W2-c requiere la migración message_transcription
=========================== short test summary info ============================
FAILED tests/audio_transcription/test_g2_audio.py::test_happy_path_parity_with_text
FAILED tests/audio_transcription/test_g2_audio.py::test_asr_request_contract
FAILED tests/audio_transcription/test_g2_audio.py::test_metadata_oversize_skips_download
FAILED tests/audio_transcription/test_g2_audio.py::test_long_duration_too_long_without_asr
FAILED tests/audio_transcription/test_g2_audio.py::test_unmeasurable_duration_is_invalid_media
FAILED tests/audio_transcription/test_g2_audio.py::test_hash_mismatch_is_invalid_media
FAILED tests/audio_transcription/test_g2_audio.py::test_silence_is_unclear_and_preserves_context
FAILED tests/audio_transcription/test_g2_audio.py::test_rambling_output_is_unclear
FAILED tests/audio_transcription/test_g2_audio.py::test_provider_failures_fallback[timeout]
FAILED tests/audio_transcription/test_g2_audio.py::test_provider_failures_fallback[500]
FAILED tests/audio_transcription/test_g2_audio.py::test_provider_failures_fallback[json]
FAILED tests/audio_transcription/test_g2_audio.py::test_provider_failures_fallback[schema]
FAILED tests/audio_transcription/test_g2_audio.py::test_no_http_inside_open_transaction
FAILED tests/audio_transcription/test_g2_audio.py::test_redelivery_single_transcription[False]
FAILED tests/audio_transcription/test_g2_audio.py::test_redelivery_single_transcription[True]
FAILED tests/audio_transcription/test_g2_audio.py::test_crash_before_persist_retries_once_then_reuses
FAILED tests/audio_transcription/test_g2_audio.py::test_context_change_reuses_transcription
FAILED tests/audio_transcription/test_g2_audio.py::test_pause_after_asr_suppresses_reply
FAILED tests/audio_transcription/test_g2_audio.py::test_commit_barrier_requires_written_yes[CONFIRM_BOOKING]
FAILED tests/audio_transcription/test_g2_audio.py::test_commit_barrier_requires_written_yes[CONFIRM_APPOINTMENT]
FAILED tests/audio_transcription/test_g2_audio.py::test_commit_barrier_requires_written_yes[CONFIRM_RESCHEDULE]
FAILED tests/audio_transcription/test_g2_audio.py::test_commit_barrier_requires_written_yes[CONFIRM_VISIT_CANCELLATION]
FAILED tests/audio_transcription/test_g2_audio.py::test_commit_barrier_requires_written_yes[CONFIRM_QUOTE_REQUEST]
FAILED tests/audio_transcription/test_g2_audio.py::test_reversible_confirmations_accept_audio
FAILED tests/audio_transcription/test_g2_audio.py::test_payment_pending_audio_is_not_evidence
FAILED tests/audio_transcription/test_g2_audio.py::test_spoken_injection_parity
FAILED tests/audio_transcription/test_g2_audio.py::test_input_origin_explicit
FAILED tests/audio_transcription/test_g2_audio.py::test_message_unchanged_and_transcription_append_only
FAILED tests/audio_transcription/test_g2_audio.py::test_model_migration_parity
FAILED tests/audio_transcription/test_g2_audio.py::test_readiness_blocks_enable_without_approved_templates
30 failed, 8 passed in 188.69s (0:03:08)
