 conversation_id | phone_masked | state  | pending_action | last_question_code | active_lead_id |   event_type    | event_date |            reservation_id            | reservation_status |    starts_at_utc    | reservation_created_at_utc | reservation_updated_at_utc
-----------------+--------------+--------+----------------+--------------------+----------------+-----------------+------------+--------------------------------------+--------------------+---------------------+----------------------------+----------------------------
             196 | ***6242      | CLOSED |                |                    |                | ROMANTIC_DINNER | 2026-10-15 | de2cbd2a-2586-4925-9d4f-fa67b2aff0b2 | RESERVED           | 2026-10-16 00:00:00 | 2026-10-02 19:50:55.826304 | 2026-10-02 20:02:41.08512
(1 row)

  id  |  actor  |                   action                   |      entity      |       created_at_utc       |                                        old_value                                        |                                                                        new_value
------+---------+--------------------------------------------+------------------+----------------------------+-----------------------------------------------------------------------------------------+---------------------------------------------------------------------------------------------------------------------------------------------------------
 6794 | SYSTEM  | CONVERSATION_STATE_TRANSITION              | conversation     | 2026-10-02 19:47:54.021026 | {"state": "NEW", "conversation_id": 196}                                                | {"state": "BOT_ACTIVE", "conversation_id": 196}
 6795 | SYSTEM  | CONVERSATION_STATE_TRANSITION              | conversation     | 2026-10-02 19:48:15.894851 | {"state": "BOT_ACTIVE", "conversation_id": 196}                                         | {"state": "ANSWERING_INFORMATION", "conversation_id": 196}
 6796 | SYSTEM  | LEAD_CREATED                               | lead             | 2026-10-02 19:48:15.894851 |                                                                                         | {"lead_id": "1634ebc2-8871-4130-a151-7c2505cd0808", "conversation_id": 196}
 6797 | SYSTEM  | EVENT_CREATED                              | event            | 2026-10-02 19:48:15.894851 |                                                                                         | {"lead_id": "1634ebc2-8871-4130-a151-7c2505cd0808", "event_id": "8686bbfc-4b5d-4c5b-a9b3-ac29ae1deb34"}
 6798 | SYSTEM  | EVENT_TYPE_CAPTURED                        | event            | 2026-10-02 19:48:15.894851 | {"event_type": null}                                                                    | {"event_id": "8686bbfc-4b5d-4c5b-a9b3-ac29ae1deb34", "event_type": "ROMANTIC_DINNER"}
 6800 | SYSTEM  | FIXED_PRICE_CATALOG_SENT_FROM_GENERAL_INFO | conversation     | 2026-10-02 19:48:15.894851 |                                                                                         | {"lead_id": "1634ebc2-8871-4130-a151-7c2505cd0808", "event_type": "ROMANTIC_DINNER", "conversation_id": 196}
 6801 | SYSTEM  | ROMANTIC_CATALOG_SENT_FROM_GENERAL_INFO    | conversation     | 2026-10-02 19:48:15.894851 |                                                                                         | {"lead_id": "1634ebc2-8871-4130-a151-7c2505cd0808", "event_type": "ROMANTIC_DINNER", "conversation_id": 196}
 6802 | SYSTEM  | CONVERSATION_STATE_TRANSITION              | conversation     | 2026-10-02 19:48:15.894851 | {"state": "ANSWERING_INFORMATION", "conversation_id": 196}                              | {"state": "BOT_ACTIVE", "conversation_id": 196}
 6803 | SYSTEM  | CONVERSATION_STATE_TRANSITION              | conversation     | 2026-10-02 19:48:39.663052 | {"state": "BOT_ACTIVE", "conversation_id": 196}                                         | {"state": "COLLECTING_EVENT_DATA", "conversation_id": 196}
 6806 | SYSTEM  | EVENT_DATE_CAPTURED                        | event            | 2026-10-02 19:50:55.826304 | {"event_id": "8686bbfc-4b5d-4c5b-a9b3-ac29ae1deb34", "event_date": null}                | {"event_id": "8686bbfc-4b5d-4c5b-a9b3-ac29ae1deb34", "event_date": "2026-10-15"}
 6807 | SYSTEM  | RESERVATION_CREATED                        | reservation      | 2026-10-02 19:50:55.826304 |                                                                                         | {"plan_code": "ROMANCE_COPAS", "price_cop": 400000, "starts_at": "2026-10-16T00:00:00+00:00", "reservation_id": "de2cbd2a-2586-4925-9d4f-fa67b2aff0b2"}
 6808 | SYSTEM  | CONVERSATION_STATE_TRANSITION              | conversation     | 2026-10-02 19:50:55.826304 | {"state": "COLLECTING_EVENT_DATA", "conversation_id": 196}                              | {"state": "BOT_ACTIVE", "conversation_id": 196}
 6810 | SYSTEM  | HANDOFF_CREATED                            | handoff          | 2026-10-02 19:51:18.072358 |                                                                                         | {"conversation_id": 196}
 6811 | SYSTEM  | CONVERSATION_STATE_TRANSITION              | conversation     | 2026-10-02 19:51:18.072358 | {"state": "BOT_ACTIVE", "conversation_id": 196}                                         | {"state": "WAITING_FOR_HUMAN", "conversation_id": 196}
 6812 | SYSTEM  | RESERVATION_STATUS_CHANGED                 | reservation      | 2026-10-02 19:51:18.072358 | {"status": "PAYMENT_PENDING", "reservation_id": "de2cbd2a-2586-4925-9d4f-fa67b2aff0b2"} | {"status": "PAYMENT_REVIEW", "reservation_id": "de2cbd2a-2586-4925-9d4f-fa67b2aff0b2"}
 6814 | SYSTEM  | PAYMENT_EVIDENCE_CREATED                   | payment_evidence | 2026-10-02 19:51:18.072358 |                                                                                         | {"conversation_id": 196}
 6819 | Leandro | RESERVATION_STATUS_CHANGED                 | reservation      | 2026-10-02 19:52:36.00431  | {"status": "PAYMENT_REVIEW", "reservation_id": "de2cbd2a-2586-4925-9d4f-fa67b2aff0b2"}  | {"status": "PAYMENT_PENDING", "reservation_id": "de2cbd2a-2586-4925-9d4f-fa67b2aff0b2"}
 6820 | Leandro | RESERVATION_PAYMENT_PARTIAL                | reservation      | 2026-10-02 19:52:36.00431  | {"reservation_id": "de2cbd2a-2586-4925-9d4f-fa67b2aff0b2"}                              | {"reservation_id": "de2cbd2a-2586-4925-9d4f-fa67b2aff0b2"}
 6823 | SYSTEM  | RESERVATION_STATUS_CHANGED                 | reservation      | 2026-10-02 19:52:52.08228  | {"status": "PAYMENT_PENDING", "reservation_id": "de2cbd2a-2586-4925-9d4f-fa67b2aff0b2"} | {"status": "PAYMENT_REVIEW", "reservation_id": "de2cbd2a-2586-4925-9d4f-fa67b2aff0b2"}
 6825 | SYSTEM  | PAYMENT_EVIDENCE_CREATED                   | payment_evidence | 2026-10-02 19:52:52.08228  |                                                                                         | {"conversation_id": 196}
 6826 | SYSTEM  | NON_TEXT_MESSAGE_PAUSED                    | message          | 2026-10-02 19:52:52.08228  |                                                                                         | {"conversation_id": 196}
 6831 | SYSTEM  | PAYMENT_EVIDENCE_CREATED                   | payment_evidence | 2026-10-02 19:53:37.459874 |                                                                                         | {"conversation_id": 196}
 6832 | SYSTEM  | NON_TEXT_MESSAGE_PAUSED                    | message          | 2026-10-02 19:53:37.459874 |                                                                                         | {"conversation_id": 196}
 6835 | Leandro | RESERVATION_STATUS_CHANGED                 | reservation      | 2026-10-02 20:02:40.230657 | {"status": "PAYMENT_REVIEW", "reservation_id": "de2cbd2a-2586-4925-9d4f-fa67b2aff0b2"}  | {"status": "RESERVED", "reservation_id": "de2cbd2a-2586-4925-9d4f-fa67b2aff0b2"}
 6836 | Leandro | RESERVATION_PAYMENT_RESERVED               | reservation      | 2026-10-02 20:02:40.230657 | {"reservation_id": "de2cbd2a-2586-4925-9d4f-fa67b2aff0b2"}                              | {"reservation_id": "de2cbd2a-2586-4925-9d4f-fa67b2aff0b2"}
 6837 | SYSTEM  | CALENDAR_EVENT_CREATED                     | reservation      | 2026-10-02 20:02:41.08512  | {"reservation_id": "de2cbd2a-2586-4925-9d4f-fa67b2aff0b2"}                              | {"reservation_id": "de2cbd2a-2586-4925-9d4f-fa67b2aff0b2"}
(26 rows)
